---
source: tests/acceptance_tests.rs
assertion_line: 99
expression: lines

---
     Running `target/debug/test_item_reuse`
    Finished dev [unoptimized + debuginfo] target(s) in 0.01s
note: run with `RUST_BACKTRACE=1` environment variable to display a backtrace
thread 'main' panicked at 'Can't', src/lib.rs:33:5
