---
source: tests/acceptance_tests.rs
expression: output
---
error: test failed, to rerun pass `--lib`
test combinators::test_case_1_1_0_expects_complex_gt_0_0_and_lt_5_0 ... ok
test combinators::test_case_2_1_0_expects_complex_gt_0_0_or_lt_0_0 ... ok
test combinators::test_case_3_2_0_expects_complex_gt_0_0_or_lt_0_0 ... ok
test combinators::test_case_4_2_0_expects_complex_gt_0_0_or_lt_0_0_and_lt_1_0 ... ok
test combinators::test_case_5_1_0_expects_complex_gt_0_0_or_lt_1_5_and_lt_2_0 ... ok
test combinators::test_case_6_0_3_expects_complex_gt_0_0_and_lt_1_0_or_gt_1_2 ... ok
test combinators::test_case_7_0_7_expects_complex_gt_0_0_and_lt_1_0_or_gt_1_2 ... ok
test combinators_with_arrays::test_case_1_vec_1_2_3_expects_complex_contains_1_and_contains_2_and_contains_in_order_2_3_ ... ok
test combinators_with_arrays::test_case_2_vec_1_2_3_expects_complex_contains_1_or_contains_4 ... ok
test combinators_with_arrays::test_case_3_vec_1_2_3_expects_complex_contains_1_or_contains_4_and_contains_2 ... ok
test combinators_with_arrays::test_case_4_vec_1_2_3_expects_complex_contains_1_and_contains_3_or_contains_5 ... ok
test combinators_with_arrays::test_case_5_vec_1_2_3_expects_complex_contains_6_and_contains_7_or_contains_1 ... ok
test combinators_with_arrays::test_case_6_vec_1_2_3_expects_complex_contains_6_and_contains_7_or_contains_1_and_contains_in_order_1_2_3_ ... ok
test complex_tests::test_case_10_geq2 ... ok
test complex_tests::test_case_11_almost_eq1 ... ok
test complex_tests::test_case_12_almost_eq2 ... ok
test complex_tests::test_case_1_eq1 ... ok
test complex_tests::test_case_2_eq2 ... ok
test complex_tests::test_case_3_lt1 ... ok
test complex_tests::test_case_4_lt2 ... ok
test complex_tests::test_case_5_gt1 ... ok
test complex_tests::test_case_6_gt2 ... ok
test complex_tests::test_case_7_leq1 ... ok
test complex_tests::test_case_8_leq2 ... ok
test complex_tests::test_case_9_geq1 ... ok
test contains_tests::test_case_1_vec_1_2_3_4_expects_complex_contains_1 ... ok
test contains_tests::test_case_2_vec_1_2_3_4_expects_complex_contains_in_order_3_4_ ... ok
test count_general::test_case_1_vec_0_1_3_expects_complex_count_3 ... ok
test count_general::test_case_2_abcd_chars_expects_complex_count_4 ... ok
test count_general::test_case_3_std_iter_once_2_expects_complex_count_1 ... ok
test count_vec::test_case_1_vec_0_1_3_expects_complex_count_3 ... ok
test count_vec::test_case_2_vec_0_1_expects_complex_count_2 ... ok
test create_path::test_case_1_cargo_toml_expects_complex_path_path ... ok
test create_path::test_case_2_src_lib_rs_expects_complex_path_file ... ok
test create_path::test_case_3_short_dir ... ok
test create_path::test_case_4_long_dir ... ok
test empty::test_case_1_vec_0_expects_complex_empty ... FAILED
test empty::test_case_2_vec_expects_complex_empty ... ok
test in_parens::test_case_1_2_0_expects_complex_eq_2_0 ... ok
test len_byte_str::test_case_1_b_abc_expects_complex_len_3 ... ok
test len_byte_str::test_case_2_b_ab_expects_complex_len_2 ... ok
test len_str::test_case_1_abc_expects_complex_len_3 ... ok
test len_str::test_case_2_ab_expects_complex_len_2 ... ok
test len_string::test_case_1_abc_expects_complex_len_3 ... ok
test len_string::test_case_2_ab_expects_complex_len_2 ... ok
test len_vec::test_case_1_vec_0_1_3_expects_complex_len_3 ... ok
test len_vec::test_case_2_vec_0_1_expects_complex_len_2 ... ok
test not_complex::test_case_1_1_0_expects_complex_not_eq_2_5 ... ok
test not_complex::test_case_2_1_0_expects_complex_not_almost_2_1_p_0_01 ... ok
test not_contains_tests::test_case_1_vec_1_2_3_4_expects_complex_not_contains_5 ... ok
test not_contains_tests::test_case_2_vec_1_2_3_4_expects_complex_not_contains_in_order_3_2_ ... ok
test not_path::test_case_1_cargo_yaml_parse_unwrap_expects_complex_not_path_path ... ok
test not_path::test_case_2_cargo_toml_parse_unwrap_expects_complex_not_path_dir ... ok
test not_path::test_case_3_src_parse_unwrap_expects_complex_not_path_file ... ok
test result: FAILED. 53 passed; 1 failed; 0 ignored; 0 measured; 0 filtered out; finished in 0.00s
thread 'empty::test_case_1_vec_0_expects_complex_empty' panicked at src/lib.rs:115:1:
