---
source: tests/acceptance_tests.rs
expression: output
---
test result: ok. 33 passed; 0 failed; 0 ignored; 0 measured; 0 filtered out; finished in 0.00s
test test_cases::abs_tests::test_case_1_returns_given_number_for_positive_input ... ok
test test_cases::abs_tests::test_case_2_returns_opposite_number_for_non_positive_input ... ok
test test_cases::abs_tests::test_case_3_returns_0_for_0 ... ok
test test_cases::arg_expressions::test_case_1_2_4_6_to_string_expects ... ok
test test_cases::bar::test_case_1_expects_string_default_ ... ok
test test_cases::basic_test::test_case_1_1_expects ... ok
test test_cases::const_in_arg::test_case_1_this_is_desc_not_an_argument ... ok
test test_cases::fancy_addition::test_case_1_treats_none_as_0 ... ok
test test_cases::fancy_addition::test_case_2_some_2_some_3_expects_5 ... ok
test test_cases::fancy_addition::test_case_3_some_2_3_some_4_expects_2_3_4 ... ok
test test_cases::impl_trait::test_case_1_foo_expects ... ok
test test_cases::keyword_test::test_case_1_true_expects ... ok
test test_cases::leading_underscore_in_test_name::test_case_1_dummy_expects ... ok
test test_cases::lowercase_test_name::test_case_1_dummy_code_expects ... ok
test test_cases::multiple_test_cases::test_case_1_2_expects ... ok
test test_cases::multiple_test_cases::test_case_2_4_expects ... ok
test test_cases::multiplication_tests::test_case_1_when_both_operands_are_possitive ... ok
test test_cases::multiplication_tests::test_case_2_when_operands_are_swapped ... ok
test test_cases::multiplication_tests::test_case_3_when_both_operands_are_negative ... ok
test test_cases::name::test_case_1_test_1_8_9 ... ok
test test_cases::name::test_case_2_2nd_test ... ok
test test_cases::name::test_case_3_test_3_6_9 ... ok
test test_cases::name::test_case_4_4_5_expects ... ok
test test_cases::nested::nested_test_case::test_case_1_1_1_expects ... ok
test test_cases::nested::using_fn_from_super::test_case_1_20_22_expects ... ok
test test_cases::nested::using_fn_from_super::test_case_2_42_expects ... ok
test test_cases::result::test_case_1_2_expects_4 ... ok
test test_cases::result::test_case_2_4_expects_8 ... ok
test test_cases::result_and_name::test_case_1_test_no_1 ... ok
test test_cases::result_and_name::test_case_2_4_5_expects_9 ... ok
test test_cases::result_expresion_with_name::test_case_1_test_result_expression ... ok
test test_cases::result_expression::test_case_1_2_2_expects_2_2 ... ok
test test_cases::result_with_mod_sep::test_case_1_42_expects_std_string_string_new_ ... ok
